// Jest Snapshot v1, https://goo.gl/fbAQLP

exports[`should render Home correctly 1`] = `
<div>
  <h1>
    React Starter Template
  </h1>
  <h3>
    This is my starting template for a React project!
  </h3>
  <ul>
    <li>
      React Router
    </li>
    <li>
      SASS
    </li>
    <a
      href="https://necolas.github.io/normalize.css/"
    >
      <li>
        Normalize.css
      </li>
    </a>
    <li>
      Webpack configured for development
    </li>
    <li>
      Babel plugins:
    </li>
    <ul>
      <a
        href="https://babeljs.io/docs/plugins/transform-class-properties/"
      >
        <li>
          Class properties transform
        </li>
      </a>
      <a
        href="https://babeljs.io/docs/plugins/transform-object-rest-spread/"
      >
        <li>
          Object rest spread transform
        </li>
      </a>
    </ul>
  </ul>
</div>
`;
